--- PASS: TestAccountsCanSendMoney (112.79s)
ok  	github.com/Orca18/go-novarand/test/e2e-go/features/transactions	113.107s
